fa7brands0 FontAwesome7Brands-Regular "fa7brands0 ReEncodeFont" <[fa7brands0.enc <FontAwesome7Brands-Regular.pfb
fa7brands1 FontAwesome7Brands-Regular "fa7brands1 ReEncodeFont" <[fa7brands1.enc <FontAwesome7Brands-Regular.pfb
fa7brands2 FontAwesome7Brands-Regular "fa7brands2 ReEncodeFont" <[fa7brands2.enc <FontAwesome7Brands-Regular.pfb
fa7free0regular FontAwesome7Free-Regular "fa7free0 ReEncodeFont" <[fa7free0.enc <FontAwesome7Free-Regular.pfb
fa7free0solid FontAwesome7Free-Solid "fa7free0 ReEncodeFont" <[fa7free0.enc <FontAwesome7Free-Solid.pfb
fa7free1regular FontAwesome7Free-Regular "fa7free1 ReEncodeFont" <[fa7free1.enc <FontAwesome7Free-Regular.pfb
fa7free1solid FontAwesome7Free-Solid "fa7free1 ReEncodeFont" <[fa7free1.enc <FontAwesome7Free-Solid.pfb
fa7free2regular FontAwesome7Free-Regular "fa7free2 ReEncodeFont" <[fa7free2.enc <FontAwesome7Free-Regular.pfb
fa7free2solid FontAwesome7Free-Solid "fa7free2 ReEncodeFont" <[fa7free2.enc <FontAwesome7Free-Solid.pfb
fa7free3regular FontAwesome7Free-Regular "fa7free3 ReEncodeFont" <[fa7free3.enc <FontAwesome7Free-Regular.pfb
fa7free3solid FontAwesome7Free-Solid "fa7free3 ReEncodeFont" <[fa7free3.enc <FontAwesome7Free-Solid.pfb
fa7free4regular FontAwesome7Free-Regular "fa7free4 ReEncodeFont" <[fa7free4.enc <FontAwesome7Free-Regular.pfb
fa7free4solid FontAwesome7Free-Solid "fa7free4 ReEncodeFont" <[fa7free4.enc <FontAwesome7Free-Solid.pfb
fa7free5regular FontAwesome7Free-Regular "fa7free5 ReEncodeFont" <[fa7free5.enc <FontAwesome7Free-Regular.pfb
fa7free5solid FontAwesome7Free-Solid "fa7free5 ReEncodeFont" <[fa7free5.enc <FontAwesome7Free-Solid.pfb
